
fib:     file format elf64-littleaarch64


Disassembly of section .text:

00000000004006c8 <fib>:
  4006c8:	a9be4ff4 	stp	x20, x19, [sp,#-32]!
  4006cc:	a9017bfd 	stp	x29, x30, [sp,#16]
  4006d0:	910043fd 	add	x29, sp, #0x10
  4006d4:	71000813 	subs	w19, w0, #0x2
  4006d8:	540000eb 	b.lt	4006f4 <fib+0x2c>
  4006dc:	51000400 	sub	w0, w0, #0x1
  4006e0:	97fffffa 	bl	4006c8 <fib>
  4006e4:	2a0003f4 	mov	w20, w0
  4006e8:	2a1303e0 	mov	w0, w19
  4006ec:	97fffff7 	bl	4006c8 <fib>
  4006f0:	0b140000 	add	w0, w0, w20
  4006f4:	a9417bfd 	ldp	x29, x30, [sp,#16]
  4006f8:	a8c24ff4 	ldp	x20, x19, [sp],#32
  4006fc:	d65f03c0 	ret
