00000000004017d8 00000000000001e0 d _DYNAMIC
00000000004019b8 0000000000000040 d _GLOBAL_OFFSET_TABLE_
00000000004007c4 0000000000000004 R _IO_stdin_used
00000000004007cc r __FRAME_END__
0000000000401a18 d __JCR_END__
0000000000401a18 d __JCR_LIST__
0000000000401a20 d __TMC_END__
0000000000401a20 d __TMC_LIST__
0000000000401a30 A __bss_start
0000000000401a08 D __data_start
0000000000400658 t __do_global_dtors_aux
0000000000401a20 t __do_global_dtors_aux_fini_array_entry
0000000000401a10 d __dso_handle
0000000000401a28 t __frame_dummy_init_array_entry
0000000000401a30 t __init_array_end
0000000000401a28 t __init_array_start
00000000004007b0 0000000000000004 T __libc_csu_fini
0000000000400738 0000000000000078 T __libc_csu_init
0000000000401a30 A _edata
0000000000401a34 A _end
00000000004007b4 T _fini
00000000004004f0 T _init
0000000000400578 T _start
00000000004005c0 0000000000000014 t call_weak_fn
0000000000401a30 0000000000000001 b completed.7233
0000000000401a08 W data_start
00000000004005d8 t deregister_tm_clones
00000000004006c8 0000000000000038 T fib
0000000000400688 t frame_dummy
0000000000400700 0000000000000038 T main
0000000000400618 t register_tm_clones
